Fri Nov  7 14:28:52 2025       
+-----------------------------------------------------------------------------------------+
| NVIDIA-SMI 560.35.05              Driver Version: 560.35.05      CUDA Version: 12.6     |
|-----------------------------------------+------------------------+----------------------+
| GPU  Name                 Persistence-M | Bus-Id          Disp.A | Volatile Uncorr. ECC |
| Fan  Temp   Perf          Pwr:Usage/Cap |           Memory-Usage | GPU-Util  Compute M. |
|                                         |                        |               MIG M. |
|=========================================+========================+======================|
|   0  NVIDIA GeForce GTX 1080 Ti     Off |   00000000:02:00.0 Off |                  N/A |
|  0%   18C    P8              8W /  250W |       3MiB /  11264MiB |      0%      Default |
|                                         |                        |                  N/A |
+-----------------------------------------+------------------------+----------------------+
|   1  NVIDIA GeForce GTX 1080        Off |   00000000:03:00.0 Off |                  N/A |
| 28%   26C    P8              6W /  180W |       3MiB /   8192MiB |      0%      Default |
|                                         |                        |                  N/A |
+-----------------------------------------+------------------------+----------------------+
|   2  Tesla P100-PCIE-16GB           Off |   00000000:83:00.0 Off |                    0 |
| N/A   29C    P0             27W /  250W |       0MiB /  16384MiB |      0%      Default |
|                                         |                        |                  N/A |
+-----------------------------------------+------------------------+----------------------+
                                                                                         
+-----------------------------------------------------------------------------------------+
| Processes:                                                                              |
|  GPU   GI   CI        PID   Type   Process name                              GPU Memory |
|        ID   ID                                                               Usage      |
|=========================================================================================|
|  No running processes found                                                             |
+-----------------------------------------------------------------------------------------+
Using device: cuda:0
Running Boundary Attack batches 12-12
:   0%|          | 0/1 [00:00<?, ?it/s]
Running per image
:   0%|          | 0/10 [00:00<?, ?it/s][AImage 0

Running per image
:  10%|█         | 1/10 [15:31:57<139:47:37, 55917.49s/it][AImage 1
Init ValueError. Entered the except block for image 1.

Running per image
:  20%|██        | 2/10 [15:48:10<52:26:19, 23597.39s/it] [AImage 2

Running per image
:  30%|███       | 3/10 [30:58:15<73:24:53, 37756.18s/it][AImage 3
Init ValueError. Entered the except block for image 3.

Running per image
:  40%|████      | 4/10 [31:13:40<38:41:31, 23215.32s/it][AImage 4
Init ValueError. Entered the except block for image 4.

Running per image
:  50%|█████     | 5/10 [31:27:27<21:01:50, 15142.17s/it][AImage 5
Init ValueError. Entered the except block for image 5.

Running per image
:  60%|██████    | 6/10 [31:41:14<11:24:59, 10274.89s/it][AImage 6
Init ValueError. Entered the except block for image 6.

Running per image
:  70%|███████   | 7/10 [31:58:15<6:02:28, 7249.58s/it]  [AImage 7
Init ValueError. Entered the except block for image 7.

Running per image
:  80%|████████  | 8/10 [32:16:53<2:56:35, 5297.65s/it][AImage 8
Init ValueError. Entered the except block for image 8.

Running per image
:  90%|█████████ | 9/10 [32:25:00<1:03:13, 3793.64s/it][AImage 9
Init ValueError. Entered the except block for image 9.

Running per image
: 100%|██████████| 10/10 [32:33:06<00:00, 2772.72s/it] [ARunning per image
: 100%|██████████| 10/10 [32:33:06<00:00, 11718.70s/it]
Running Boundary Attack batches 12-12
: 100%|██████████| 1/1 [32:33:07<00:00, 117187.01s/it]Running Boundary Attack batches 12-12
: 100%|██████████| 1/1 [32:33:07<00:00, 117187.01s/it]
Boundary Attack autoinit finished: {'total_processed': 10, 'total_successes': 0, 'total_init_failures': 8, 'success_fraction': 0.0}
adding channel dimension to x_adv
torch.Size([10, 1, 28, 28])
adding channel dimension to x_test
torch.Size([10, 1, 28, 28])
Adversarial samples saved to boundary_samples.pt
