Sun Nov  2 17:30:16 2025       
+-----------------------------------------------------------------------------------------+
| NVIDIA-SMI 560.35.05              Driver Version: 560.35.05      CUDA Version: 12.6     |
|-----------------------------------------+------------------------+----------------------+
| GPU  Name                 Persistence-M | Bus-Id          Disp.A | Volatile Uncorr. ECC |
| Fan  Temp   Perf          Pwr:Usage/Cap |           Memory-Usage | GPU-Util  Compute M. |
|                                         |                        |               MIG M. |
|=========================================+========================+======================|
|   0  NVIDIA GeForce GTX 1080 Ti     Off |   00000000:02:00.0 Off |                  N/A |
|  0%   32C    P0             59W /  250W |       5MiB /  11264MiB |      0%      Default |
|                                         |                        |                  N/A |
+-----------------------------------------+------------------------+----------------------+
|   1  NVIDIA GeForce GTX 1080        Off |   00000000:03:00.0 Off |                  N/A |
| 28%   29C    P8              7W /  180W |       5MiB /   8192MiB |      0%      Default |
|                                         |                        |                  N/A |
+-----------------------------------------+------------------------+----------------------+
|   2  Tesla P100-PCIE-16GB           Off |   00000000:83:00.0 Off |                    0 |
| N/A   30C    P0             32W /  250W |     321MiB /  16384MiB |      9%      Default |
|                                         |                        |                  N/A |
+-----------------------------------------+------------------------+----------------------+
                                                                                         
+-----------------------------------------------------------------------------------------+
| Processes:                                                                              |
|  GPU   GI   CI        PID   Type   Process name                              GPU Memory |
|        ID   ID                                                               Usage      |
|=========================================================================================|
|    2   N/A  N/A    165362      C   python                                        318MiB |
+-----------------------------------------------------------------------------------------+
Using device: cuda:0
Running Boundary Attack batches 8-8
:   0%|          | 0/1 [00:00<?, ?it/s]
Running per image
:   0%|          | 0/10 [00:00<?, ?it/s][AImage 0
Init ValueError. Entered the except block for image 0.

Running per image
:  10%|█         | 1/10 [18:36<2:47:28, 1116.47s/it][AImage 1

Running per image
:  20%|██        | 2/10 [16:14:38<76:00:14, 34201.86s/it][AImage 2
Init ValueError. Entered the except block for image 2.

Running per image
:  30%|███       | 3/10 [16:25:31<36:43:00, 18882.98s/it][AImage 3
Init ValueError. Entered the except block for image 3.

Running per image
:  40%|████      | 4/10 [16:34:45<19:24:40, 11646.68s/it][AImage 4
Init ValueError. Entered the except block for image 4.

Running per image
:  50%|█████     | 5/10 [16:47:19<10:43:15, 7719.03s/it] [AImage 5
Init ValueError. Entered the except block for image 5.

Running per image
:  60%|██████    | 6/10 [17:07:23<6:06:55, 5503.87s/it] [AImage 6
Init ValueError. Entered the except block for image 6.

Running per image
:  70%|███████   | 7/10 [17:18:19<3:15:56, 3918.78s/it][AImage 7
Init ValueError. Entered the except block for image 7.

Running per image
:  80%|████████  | 8/10 [17:36:52<1:40:51, 3025.56s/it][AImage 8
Init ValueError. Entered the except block for image 8.

Running per image
:  90%|█████████ | 9/10 [17:46:11<37:34, 2254.44s/it]  [AImage 9
Init ValueError. Entered the except block for image 9.

Running per image
: 100%|██████████| 10/10 [17:54:36<00:00, 1714.59s/it][ARunning per image
: 100%|██████████| 10/10 [17:54:36<00:00, 6447.69s/it]
Running Boundary Attack batches 8-8
: 100%|██████████| 1/1 [17:54:36<00:00, 64476.89s/it]Running Boundary Attack batches 8-8
: 100%|██████████| 1/1 [17:54:36<00:00, 64476.89s/it]
Boundary Attack autoinit finished: {'total_processed': 10, 'total_successes': 1, 'total_init_failures': 9, 'success_fraction': 0.1}
adding channel dimension to x_adv
torch.Size([10, 1, 28, 28])
adding channel dimension to x_test
torch.Size([10, 1, 28, 28])
Adversarial samples saved to boundary_samples.pt
