Wed Oct 29 15:00:50 2025       
+-----------------------------------------------------------------------------------------+
| NVIDIA-SMI 560.35.05              Driver Version: 560.35.05      CUDA Version: 12.6     |
|-----------------------------------------+------------------------+----------------------+
| GPU  Name                 Persistence-M | Bus-Id          Disp.A | Volatile Uncorr. ECC |
| Fan  Temp   Perf          Pwr:Usage/Cap |           Memory-Usage | GPU-Util  Compute M. |
|                                         |                        |               MIG M. |
|=========================================+========================+======================|
|   0  NVIDIA GeForce GTX 1080 Ti     Off |   00000000:02:00.0 Off |                  N/A |
|  0%   19C    P8              8W /  250W |       5MiB /  11264MiB |      0%      Default |
|                                         |                        |                  N/A |
+-----------------------------------------+------------------------+----------------------+
|   1  NVIDIA GeForce GTX 1080        Off |   00000000:03:00.0 Off |                  N/A |
| 27%   26C    P8              6W /  180W |       5MiB /   8192MiB |      0%      Default |
|                                         |                        |                  N/A |
+-----------------------------------------+------------------------+----------------------+
|   2  Tesla P100-PCIE-16GB           Off |   00000000:83:00.0 Off |                    0 |
| N/A   30C    P0             33W /  250W |     321MiB /  16384MiB |     10%      Default |
|                                         |                        |                  N/A |
+-----------------------------------------+------------------------+----------------------+
                                                                                         
+-----------------------------------------------------------------------------------------+
| Processes:                                                                              |
|  GPU   GI   CI        PID   Type   Process name                              GPU Memory |
|        ID   ID                                                               Usage      |
|=========================================================================================|
|    2   N/A  N/A    121103      C   python                                        318MiB |
+-----------------------------------------------------------------------------------------+
Using device: cuda:0
Running Boundary Attack batches 1-1
:   0%|          | 0/1 [00:00<?, ?it/s]
Running per image
:   0%|          | 0/2 [00:00<?, ?it/s][AImage 0
Init ValueError. Entered the except block for image 0.

Running per image
:  50%|█████     | 1/2 [4:00:03<4:00:03, 14403.55s/it][AImage 1
Init ValueError. Entered the except block for image 1.

Running per image
: 100%|██████████| 2/2 [6:48:24<00:00, 11872.52s/it]  [ARunning per image
: 100%|██████████| 2/2 [6:48:24<00:00, 12252.17s/it]
Running Boundary Attack batches 1-1
: 100%|██████████| 1/1 [6:48:24<00:00, 24504.35s/it]Running Boundary Attack batches 1-1
: 100%|██████████| 1/1 [6:48:24<00:00, 24504.35s/it]
Boundary Attack autoinit finished: {'total_processed': 2, 'total_successes': 0, 'total_init_failures': 2, 'success_fraction': 0.0}
adding channel dimension to x_adv
torch.Size([2, 1, 28, 28])
adding channel dimension to x_test
torch.Size([2, 1, 28, 28])
Adversarial samples saved to boundary_samples.pt
