Wed Oct 22 03:29:25 2025       
+-----------------------------------------------------------------------------------------+
| NVIDIA-SMI 560.35.05              Driver Version: 560.35.05      CUDA Version: 12.6     |
|-----------------------------------------+------------------------+----------------------+
| GPU  Name                 Persistence-M | Bus-Id          Disp.A | Volatile Uncorr. ECC |
| Fan  Temp   Perf          Pwr:Usage/Cap |           Memory-Usage | GPU-Util  Compute M. |
|                                         |                        |               MIG M. |
|=========================================+========================+======================|
|   0  NVIDIA GeForce GTX 1080 Ti     Off |   00000000:02:00.0 Off |                  N/A |
|  0%   18C    P8              8W /  250W |       5MiB /  11264MiB |      0%      Default |
|                                         |                        |                  N/A |
+-----------------------------------------+------------------------+----------------------+
|   1  NVIDIA GeForce GTX 1080        Off |   00000000:03:00.0 Off |                  N/A |
| 27%   26C    P8              5W /  180W |       5MiB /   8192MiB |      0%      Default |
|                                         |                        |                  N/A |
+-----------------------------------------+------------------------+----------------------+
|   2  Tesla P100-PCIE-16GB           Off |   00000000:83:00.0 Off |                    0 |
| N/A   30C    P0             33W /  250W |     321MiB /  16384MiB |     13%      Default |
|                                         |                        |                  N/A |
+-----------------------------------------+------------------------+----------------------+
                                                                                         
+-----------------------------------------------------------------------------------------+
| Processes:                                                                              |
|  GPU   GI   CI        PID   Type   Process name                              GPU Memory |
|        ID   ID                                                               Usage      |
|=========================================================================================|
|    2   N/A  N/A   3490590      C   python                                        318MiB |
+-----------------------------------------------------------------------------------------+
Using device: cuda:0
Running Boundary Attack batches 3-3
:   0%|          | 0/1 [00:00<?, ?it/s]
Running per image
:   0%|          | 0/10 [00:00<?, ?it/s][AImage 0
Init ValueError. Entered the except block for image 0.

Running per image
:  10%|█         | 1/10 [14:16<2:08:31, 856.83s/it][AImage 1
Init ValueError. Entered the except block for image 1.

Running per image
:  20%|██        | 2/10 [26:02<1:42:24, 768.03s/it][AImage 2
Init ValueError. Entered the except block for image 2.

Running per image
:  30%|███       | 3/10 [36:04<1:20:45, 692.27s/it][AImage 3
Init ValueError. Entered the except block for image 3.

Running per image
:  40%|████      | 4/10 [50:17<1:15:32, 755.48s/it][AImage 4
Init ValueError. Entered the except block for image 4.

Running per image
:  50%|█████     | 5/10 [1:07:50<1:11:54, 862.86s/it][AImage 5
Init ValueError. Entered the except block for image 5.

Running per image
:  60%|██████    | 6/10 [1:21:13<56:09, 842.37s/it]  [AImage 6

Running per image
:  70%|███████   | 7/10 [8:59:19<7:57:38, 9552.97s/it][AImage 7
Init ValueError. Entered the except block for image 7.

Running per image
:  80%|████████  | 8/10 [9:16:11<3:47:47, 6833.91s/it][AImage 8
Init ValueError. Entered the except block for image 8.

Running per image
:  90%|█████████ | 9/10 [9:36:59<1:24:47, 5087.63s/it][AImage 9
Init ValueError. Entered the except block for image 9.

Running per image
: 100%|██████████| 10/10 [9:44:04<00:00, 3648.26s/it] [ARunning per image
: 100%|██████████| 10/10 [9:44:04<00:00, 3504.46s/it]
Running Boundary Attack batches 3-3
: 100%|██████████| 1/1 [9:44:04<00:00, 35044.66s/it]Running Boundary Attack batches 3-3
: 100%|██████████| 1/1 [9:44:04<00:00, 35044.66s/it]
Boundary Attack autoinit finished: {'total_processed': 10, 'total_successes': 0, 'total_init_failures': 9, 'success_fraction': 0.0}
adding channel dimension to x_adv
torch.Size([10, 1, 28, 28])
adding channel dimension to x_test
torch.Size([10, 1, 28, 28])
Adversarial samples saved to boundary_samples.pt
