Fri Oct 31 17:42:02 2025       
+-----------------------------------------------------------------------------------------+
| NVIDIA-SMI 560.35.05              Driver Version: 560.35.05      CUDA Version: 12.6     |
|-----------------------------------------+------------------------+----------------------+
| GPU  Name                 Persistence-M | Bus-Id          Disp.A | Volatile Uncorr. ECC |
| Fan  Temp   Perf          Pwr:Usage/Cap |           Memory-Usage | GPU-Util  Compute M. |
|                                         |                        |               MIG M. |
|=========================================+========================+======================|
|   0  NVIDIA GeForce GTX 1080 Ti     Off |   00000000:02:00.0 Off |                  N/A |
|  0%   19C    P8              8W /  250W |       5MiB /  11264MiB |      0%      Default |
|                                         |                        |                  N/A |
+-----------------------------------------+------------------------+----------------------+
|   1  NVIDIA GeForce GTX 1080        Off |   00000000:03:00.0 Off |                  N/A |
| 28%   26C    P8              5W /  180W |       5MiB /   8192MiB |      0%      Default |
|                                         |                        |                  N/A |
+-----------------------------------------+------------------------+----------------------+
|   2  Tesla P100-PCIE-16GB           Off |   00000000:83:00.0 Off |                    0 |
| N/A   30C    P0             33W /  250W |     321MiB /  16384MiB |     11%      Default |
|                                         |                        |                  N/A |
+-----------------------------------------+------------------------+----------------------+
                                                                                         
+-----------------------------------------------------------------------------------------+
| Processes:                                                                              |
|  GPU   GI   CI        PID   Type   Process name                              GPU Memory |
|        ID   ID                                                               Usage      |
|=========================================================================================|
|    2   N/A  N/A    121103      C   python                                        318MiB |
+-----------------------------------------------------------------------------------------+
Using device: cuda:0
Running Boundary Attack batches 6-6
:   0%|          | 0/1 [00:00<?, ?it/s]
Running per image
:   0%|          | 0/10 [00:00<?, ?it/s][AImage 0
Init ValueError. Entered the except block for image 0.

Running per image
:  10%|█         | 1/10 [07:10<1:04:34, 430.53s/it][AImage 1

Running per image
:  20%|██        | 2/10 [15:01:23<70:31:42, 31737.84s/it][AImage 2
Init ValueError. Entered the except block for image 2.

Running per image
:  30%|███       | 3/10 [15:19:58<34:31:23, 17754.75s/it][AImage 3
Init ValueError. Entered the except block for image 3.

Running per image
:  40%|████      | 4/10 [15:26:42<18:10:28, 10904.73s/it][AImage 4
Init ValueError. Entered the except block for image 4.

Running per image
:  50%|█████     | 5/10 [15:46:06<10:16:02, 7392.50s/it] [AImage 5
Init ValueError. Entered the except block for image 5.

Running per image
:  60%|██████    | 6/10 [16:10:38<5:58:38, 5379.52s/it] [AImage 6
Init ValueError. Entered the except block for image 6.

Running per image
:  70%|███████   | 7/10 [16:37:34<3:27:26, 4148.83s/it][AImage 7

Running per image
:  80%|████████  | 8/10 [31:42:19<11:10:20, 20110.01s/it][AImage 8
Init ValueError. Entered the except block for image 8.

Running per image
:  90%|█████████ | 9/10 [31:57:42<3:55:11, 14111.69s/it] [AImage 9

Running per image
: 100%|██████████| 10/10 [47:47:37<00:00, 27350.76s/it] [ARunning per image
: 100%|██████████| 10/10 [47:47:37<00:00, 17205.76s/it]
Running Boundary Attack batches 6-6
: 100%|██████████| 1/1 [47:47:37<00:00, 172057.59s/it]Running Boundary Attack batches 6-6
: 100%|██████████| 1/1 [47:47:37<00:00, 172057.60s/it]
Boundary Attack autoinit finished: {'total_processed': 10, 'total_successes': 0, 'total_init_failures': 7, 'success_fraction': 0.0}
adding channel dimension to x_adv
torch.Size([10, 1, 28, 28])
adding channel dimension to x_test
torch.Size([10, 1, 28, 28])
Adversarial samples saved to boundary_samples.pt
